// Jest Snapshot v1, https://goo.gl/fbAQLP

exports[`Component with redux hooks should render Input component 1`] = `ShallowWrapper {}`;
