// Jest Snapshot v1, https://goo.gl/fbAQLP

exports[`Button component should render Button component 1`] = `ShallowWrapper {}`;

exports[`Component with redux hooks should render Input component 1`] = `ShallowWrapper {}`;

exports[`Component with redux hooks should render Input component 2`] = `ShallowWrapper {}`;

exports[`Component with redux hooks should render Input component 3`] = `ShallowWrapper {}`;

exports[`Component with redux hooks should render Limit component 1`] = `ShallowWrapper {}`;

exports[`Component with redux hooks should render Pagination component 1`] = `ShallowWrapper {}`;

exports[`Component with redux hooks should render Search component 1`] = `ShallowWrapper {}`;

exports[`Header component should render Header component 1`] = `ShallowWrapper {}`;

exports[`Navbar component should render Navbar component 1`] = `ShallowWrapper {}`;

exports[`Navbar component should render Navbar component 2`] = `ShallowWrapper {}`;

exports[`Pagination component should render Pagination component 1`] = `ShallowWrapper {}`;

exports[`should render characters component 1`] = `ShallowWrapper {}`;
